00:07:28 **** Incremental Build of configuration Debug for project pwm ****
Info: Internal Builder is used for build
arm-atollic-eabi-g++ -c ..\src\main.cpp -mthumb -mcpu=cortex-m4 -mfloat-abi=hard -mfpu=fpv4-sp-d16 -std=gnu++98 -DSTM32F4XX -DSTM32F40XX -DUSE_STDPERIPH_DRIVER -DUSE_STM32F4_DISCOVERY -DHSE_VALUE=8000000 -I../src -I../Libraries/CMSIS/Include -I../Libraries/Device/STM32F4xx/Include -I../Libraries/STM32F4xx_StdPeriph_Driver/inc -I../Utilities/STM32F4-Discovery -O0 -ffunction-sections -fdata-sections -fno-rtti -fno-exceptions -g -fstack-usage -Wall -fno-threadsafe-statics -specs=nano.specs -o src\main.o 
..\src\main.cpp: In function 'int main()':
..\src\main.cpp:205:10: warning: variable 'ACCEL_CONFIG' set but not used [-Wunused-but-set-variable]
  uint8_t ACCEL_CONFIG;
          ^~~~~~~~~~~~
..\src\main.cpp:206:8: warning: variable 'gravity' set but not used [-Wunused-but-set-variable]
  float gravity = 0;
        ^~~~~~~
..\src\main.cpp:213:6: warning: unused variable 'j' [-Wunused-variable]
  int j;
      ^
arm-atollic-eabi-g++ -o pwm.elf Libraries\STM32F4xx_StdPeriph_Driver\src\misc.o Libraries\STM32F4xx_StdPeriph_Driver\src\stm32f4xx_adc.o Libraries\STM32F4xx_StdPeriph_Driver\src\stm32f4xx_can.o Libraries\STM32F4xx_StdPeriph_Driver\src\stm32f4xx_crc.o Libraries\STM32F4xx_StdPeriph_Driver\src\stm32f4xx_cryp.o Libraries\STM32F4xx_StdPeriph_Driver\src\stm32f4xx_cryp_aes.o Libraries\STM32F4xx_StdPeriph_Driver\src\stm32f4xx_cryp_des.o Libraries\STM32F4xx_StdPeriph_Driver\src\stm32f4xx_cryp_tdes.o Libraries\STM32F4xx_StdPeriph_Driver\src\stm32f4xx_dac.o Libraries\STM32F4xx_StdPeriph_Driver\src\stm32f4xx_dbgmcu.o Libraries\STM32F4xx_StdPeriph_Driver\src\stm32f4xx_dcmi.o Libraries\STM32F4xx_StdPeriph_Driver\src\stm32f4xx_dma.o Libraries\STM32F4xx_StdPeriph_Driver\src\stm32f4xx_exti.o Libraries\STM32F4xx_StdPeriph_Driver\src\stm32f4xx_flash.o Libraries\STM32F4xx_StdPeriph_Driver\src\stm32f4xx_fsmc.o Libraries\STM32F4xx_StdPeriph_Driver\src\stm32f4xx_gpio.o Libraries\STM32F4xx_StdPeriph_Driver\src\stm32f4xx_hash.o Libraries\STM32F4xx_StdPeriph_Driver\src\stm32f4xx_hash_md5.o Libraries\STM32F4xx_StdPeriph_Driver\src\stm32f4xx_hash_sha1.o Libraries\STM32F4xx_StdPeriph_Driver\src\stm32f4xx_i2c.o Libraries\STM32F4xx_StdPeriph_Driver\src\stm32f4xx_iwdg.o Libraries\STM32F4xx_StdPeriph_Driver\src\stm32f4xx_pwr.o Libraries\STM32F4xx_StdPeriph_Driver\src\stm32f4xx_rcc.o Libraries\STM32F4xx_StdPeriph_Driver\src\stm32f4xx_rng.o Libraries\STM32F4xx_StdPeriph_Driver\src\stm32f4xx_rtc.o Libraries\STM32F4xx_StdPeriph_Driver\src\stm32f4xx_sdio.o Libraries\STM32F4xx_StdPeriph_Driver\src\stm32f4xx_spi.o Libraries\STM32F4xx_StdPeriph_Driver\src\stm32f4xx_syscfg.o Libraries\STM32F4xx_StdPeriph_Driver\src\stm32f4xx_tim.o Libraries\STM32F4xx_StdPeriph_Driver\src\stm32f4xx_usart.o Libraries\STM32F4xx_StdPeriph_Driver\src\stm32f4xx_wwdg.o Utilities\STM32F4-Discovery\stm32f4_discovery.o Utilities\STM32F4-Discovery\stm32f4_discovery_audio_codec.o Utilities\STM32F4-Discovery\stm32f4_discovery_lis302dl.o src\main.o src\startup_stm32f40xx.o src\stm32f4xx_it.o src\system_stm32f4xx.o src\tiny_printf.o -mthumb -mcpu=cortex-m4 -mfloat-abi=hard -mfpu=fpv4-sp-d16 -T../stm32f4_flash.ld -specs=nosys.specs -static -Wl,-cref,-u,Reset_Handler -Wl,-Map=pwm.map -Wl,--gc-sections -Wl,--defsym=malloc_getpagesize_P=0x1000 -Wl,--start-group -lc -lm -lstdc++ -lsupc++ -Wl,--end-group -specs=nano.specs 
C:\Program Files (x86)\Atollic\TrueSTUDIO for STM32 9.0.0\ide\jre\bin\java -jar C:\Program Files (x86)\Atollic\TrueSTUDIO for STM32 9.0.0\Tools\arm-atollic-reports.jar sizeinfo list pwm.elf 
Generate build reports...
Print size information
   text	   data	    bss	    dec	    hex	filename
   6676	     24	   1176	   7876	   1ec4	pwm.elf
Print size information done
Generate listing file
Output sent to: pwm.list
Generate listing file done
Generate build reports done
Info: Nothing to build for pwm
